[     311ms] [INFO] %cDownload the React DevTools for a better development experience: https://react.dev/link/react-devtools font-weight:bold @ http://localhost:8081/index.ts.bundle?platform=web&dev=true&hot=false&lazy=true&transform.engine=hermes&transform.routerRoot=app&unstable_transformProfile=hermes-stable:1498
[     461ms] [LOG] Running application "main" with appParams:
 {rootTag: #root, hydrate: undefined} 
Development-level warnings: ON.
Performance optimizations: OFF. @ http://localhost:8081/index.ts.bundle?platform=web&dev=true&hot=false&lazy=true&transform.engine=hermes&transform.routerRoot=app&unstable_transformProfile=hermes-stable:1498
[     528ms] [WARNING] props.pointerEvents is deprecated. Use style.pointerEvents @ http://localhost:8081/index.ts.bundle?platform=web&dev=true&hot=false&lazy=true&transform.engine=hermes&transform.routerRoot=app&unstable_transformProfile=hermes-stable:1498
[  229652ms] TypeError: Cannot read properties of undefined (reading 'display')
    at http://localhost:8081/index.ts.bundle?platform=web&dev=true&hot=false&lazy=true&transform.engine=hermes&transform.routerRoot=app&unstable_transformProfile=hermes-stable:121328:32
    at loadModuleImplementation (http://localhost:8081/index.ts.bundle?platform=web&dev=true&hot=false&lazy=true&transform.engine=hermes&transform.routerRoot=app&unstable_transformProfile=hermes-stable:254:34)
    at guardedLoadModule (http://localhost:8081/index.ts.bundle?platform=web&dev=true&hot=false&lazy=true&transform.engine=hermes&transform.routerRoot=app&unstable_transformProfile=hermes-stable:159:23)
    at metroRequire (http://localhost:8081/index.ts.bundle?platform=web&dev=true&hot=false&lazy=true&transform.engine=hermes&transform.routerRoot=app&unstable_transformProfile=hermes-stable:79:75)
    at runUpdatedModule (http://localhost:8081/index.ts.bundle?platform=web&dev=true&hot=false&lazy=true&transform.engine=hermes&transform.routerRoot=app&unstable_transformProfile=hermes-stable:497:7)
    at metroHotUpdateModule (http://localhost:8081/index.ts.bundle?platform=web&dev=true&hot=false&lazy=true&transform.engine=hermes&transform.routerRoot=app&unstable_transformProfile=hermes-stable:387:26)
    at define (http://localhost:8081/index.ts.bundle?platform=web&dev=true&hot=false&lazy=true&transform.engine=hermes&transform.routerRoot=app&unstable_transformProfile=hermes-stable:33:18)
    at eval (http://localhost:8081/src/theme.bundle//&platform=web&dev=true&hot=false&lazy=true&transform.engine=hermes&transform.routerRoot=app&unstable_transformProfile=hermes-stable&minify=false&modulesOnly=true&runModule=false&shallow=true:1:1)
    at inject (http://localhost:8081/index.ts.bundle?platform=web&dev=true&hot=false&lazy=true&transform.engine=hermes&transform.routerRoot=app&unstable_transformProfile=hermes-stable:1853:7)
    at Array.forEach (<anonymous>)
[  310637ms] [INFO] %cDownload the React DevTools for a better development experience: https://react.dev/link/react-devtools font-weight:bold @ http://localhost:8081/index.ts.bundle?platform=web&dev=true&hot=false&lazy=true&transform.engine=hermes&transform.routerRoot=app&unstable_transformProfile=hermes-stable:1498
[  310760ms] [LOG] Running application "main" with appParams:
 {rootTag: #root, hydrate: undefined} 
Development-level warnings: ON.
Performance optimizations: OFF. @ http://localhost:8081/index.ts.bundle?platform=web&dev=true&hot=false&lazy=true&transform.engine=hermes&transform.routerRoot=app&unstable_transformProfile=hermes-stable:1498
[  310857ms] [WARNING] props.pointerEvents is deprecated. Use style.pointerEvents @ http://localhost:8081/index.ts.bundle?platform=web&dev=true&hot=false&lazy=true&transform.engine=hermes&transform.routerRoot=app&unstable_transformProfile=hermes-stable:1498
[  318312ms] Unable to resolve module @react-native-async-storage/async-storage from /home/mokey/Documents/Projects/Trundle/src/theme.ts: @react-native-async-storage/async-storage could not be found within the project or in these directories:
  node_modules
> 1 | import AsyncStorage from '@react-native-async-storage/async-storage';
    |                           ^
  2 | import { useMemo, useSyncExternalStore } from 'react';
  3 |
  4 | const fontPair = (family: string, display = `${family}_600SemiBold`) => ({
[  318946ms] Metro has encountered an error: Failed to get the SHA-1 for: /home/mokey/Documents/Projects/Trundle/node_modules/@react-native-async-storage/async-storage/lib/module/createAsyncStorage.js.
      Potential causes:
        1) The file is not watched. Ensure it is under the configured `projectRoot` or `watchFolders`.
        2) Check `blockList` in your metro.config.js and make sure it isn't excluding the file path.
        3) The file may have been deleted since it was resolved - try refreshing your app.
        4) Otherwise, this is a bug in Metro or the configured resolver - please report it.: /home/mokey/Documents/Projects/Trundle/node_modules/metro/src/node-haste/DependencyGraph.js (202:13)

  200 |     const result = await this._fileSystem.getOrComputeSha1(mixedPath);
  201 |     if (!result || !result.sha1) {
> 202 |       throw new Error(`Failed to get the SHA-1 for: ${mixedPath}.
      |             ^
  203 |       Potential causes:
  204 |         1) The file is not watched. Ensure it is under the configured \`projectRoot\` or \`watchFolders\`.
  205 |         2) Check \`blockList\` in your metro.config.js and make sure it isn't excluding the file path.
